// Vitest Snapshot v1, https://vitest.dev/guide/snapshot.html

exports[`getFlattenedTree > should match snapshot 1`] = `
[
  {
    "children": [
      {
        "children": [
          {
            "children": [
              {
                "id": "c-3",
                "name": "Leaf 3 Child",
                "state": {},
              },
            ],
            "id": 3,
            "name": "Leaf 3",
            "state": {
              "deletable": true,
              "expanded": false,
              "favorite": true,
            },
          },
          {
            "id": 4,
            "name": "Leaf 4",
          },
        ],
        "id": 2,
        "name": "Leaf 2",
        "state": {
          "deletable": true,
          "expanded": true,
        },
      },
      {
        "id": 5,
        "name": "Leaf 5",
      },
    ],
    "deepness": 0,
    "id": 0,
    "name": "Leaf 1",
    "parents": [],
    "state": {
      "expanded": true,
    },
  },
  {
    "children": [
      {
        "children": [
          {
            "id": "c-3",
            "name": "Leaf 3 Child",
            "state": {},
          },
        ],
        "id": 3,
        "name": "Leaf 3",
        "state": {
          "deletable": true,
          "expanded": false,
          "favorite": true,
        },
      },
      {
        "id": 4,
        "name": "Leaf 4",
      },
    ],
    "deepness": 1,
    "id": 2,
    "name": "Leaf 2",
    "parents": [
      0,
    ],
    "state": {
      "deletable": true,
      "expanded": true,
    },
  },
  {
    "children": [
      {
        "id": "c-3",
        "name": "Leaf 3 Child",
        "state": {},
      },
    ],
    "deepness": 2,
    "id": 3,
    "name": "Leaf 3",
    "parents": [
      0,
      2,
    ],
    "state": {
      "deletable": true,
      "expanded": false,
      "favorite": true,
    },
  },
  {
    "deepness": 2,
    "id": 4,
    "name": "Leaf 4",
    "parents": [
      0,
      2,
    ],
  },
  {
    "deepness": 1,
    "id": 5,
    "name": "Leaf 5",
    "parents": [
      0,
    ],
  },
  {
    "children": [
      {
        "children": [
          {
            "id": 7,
            "name": "Leaf 8",
          },
          {
            "id": 8,
            "name": "Leaf 9",
          },
        ],
        "id": 6,
        "name": "Leaf 7",
        "state": {
          "expanded": false,
        },
      },
      {
        "id": 9,
        "name": "Leaf 10",
      },
    ],
    "deepness": 0,
    "id": 1,
    "name": "Leaf 6",
    "parents": [],
    "state": {
      "deletable": true,
      "expanded": false,
    },
  },
  {
    "deepness": 0,
    "id": "z",
    "name": "Leaf z",
    "parents": [],
    "state": {
      "deletable": true,
      "favorite": true,
    },
  },
]
`;

exports[`getFlattenedTreePaths, should match snapshot 1`] = `
[
  [
    0,
  ],
  [
    0,
    2,
  ],
  [
    0,
    2,
    3,
  ],
  [
    0,
    2,
    4,
  ],
  [
    0,
    5,
  ],
  [
    1,
  ],
  [
    "z",
  ],
]
`;
